{"ts":"2026-01-26T20:08:31.825Z","level":"info","service":"posts-service","message":"service_started","port":3002,"serviceName":"posts-service"}
{"ts":"2026-01-26T20:42:15.109Z","level":"info","service":"posts-service","message":"service_started","port":3002,"serviceName":"posts-service"}
{"ts":"2026-01-26T20:54:59.185Z","level":"info","service":"posts-service","message":"service_started","port":3002,"serviceName":"posts-service"}
{"ts":"2026-01-26T21:04:02.069Z","level":"info","service":"posts-service","message":"service_started","port":3002,"serviceName":"posts-service"}
{"ts":"2026-01-26T21:04:42.285Z","level":"info","service":"posts-service","message":"http_request","requestId":"0c8c4e19-4789-4812-a530-ac6353ee6e0d","method":"GET","path":"/protected/ping","statusCode":200,"durationMs":5.86}
{"ts":"2026-01-26T21:12:50.391Z","level":"info","service":"posts-service","message":"service_started","port":3002,"serviceName":"posts-service"}
{"ts":"2026-01-26T21:13:37.226Z","level":"error","service":"posts-service","message":"http_request","requestId":"547f6329-b7b3-4c96-9761-31f9def71ae2","method":"POST","path":"/posts","statusCode":404,"durationMs":3.45}
{"ts":"2026-01-26T21:14:25.536Z","level":"error","service":"posts-service","message":"http_request","requestId":"e4f1ce92-1b55-4661-91a3-3026ae9cdc2a","method":"POST","path":"/posts","statusCode":404,"durationMs":0.43}
{"ts":"2026-01-26T21:17:00.470Z","level":"info","service":"posts-service","message":"service_started","port":3002,"serviceName":"posts-service"}
{"ts":"2026-01-26T21:20:59.237Z","level":"info","service":"posts-service","message":"service_started","port":3002,"serviceName":"posts-service"}
{"ts":"2026-01-26T21:21:23.369Z","level":"error","service":"posts-service","message":"http_request","requestId":"c0a997f8-7589-4fdc-8e61-57114c5a68b0","method":"POST","path":"/posts","statusCode":404,"durationMs":2.02}
{"ts":"2026-01-26T21:25:02.412Z","level":"error","service":"posts-service","message":"http_request","requestId":"fcda287f-7ffb-4bed-b675-efe26b87a9bd","method":"POST","path":"/posts","statusCode":404,"durationMs":1.12}
{"ts":"2026-01-26T21:25:27.557Z","level":"error","service":"posts-service","message":"http_request","requestId":"8f4b8ada-a6f3-4f05-95d7-53f8c812fdca","method":"POST","path":"/posts","statusCode":404,"durationMs":0.53}
{"ts":"2026-01-26T21:34:27.718Z","level":"info","service":"posts-service","message":"service_started","port":3002,"serviceName":"posts-service"}
{"ts":"2026-01-26T21:35:29.580Z","level":"info","service":"posts-service","message":"http_request","requestId":"cda4ed3c-9019-4d30-b58d-fa7a74b740fe","method":"GET","path":"/health","statusCode":200,"durationMs":2.83}
{"ts":"2026-01-26T21:35:29.588Z","level":"error","service":"posts-service","message":"http_request","requestId":"de0fab1f-f814-4e70-917f-ea7bbd4d32b4","method":"GET","path":"/posts/_ping","statusCode":404,"durationMs":1.48}
{"ts":"2026-01-26T21:35:29.611Z","level":"error","service":"posts-service","message":"http_request","requestId":"faef73f8-f41e-472f-bfd6-950f17849b39","method":"POST","path":"/posts","statusCode":401,"durationMs":0.7}
{"ts":"2026-01-26T21:57:28.492Z","level":"info","service":"posts-service","message":"service_started","port":3002,"serviceName":"posts-service"}
{"ts":"2026-01-26T22:00:48.046Z","level":"info","service":"posts-service","message":"http_request","requestId":"6ac233e5-a134-4e56-9500-1932ba489c4c","method":"GET","path":"/posts/_ping","statusCode":200,"durationMs":3.95}
{"ts":"2026-01-26T22:01:34.542Z","level":"error","service":"posts-service","message":"http_request","requestId":"c5114f90-5c53-4eb3-843f-5c6cdd3b2b3b","method":"POST","path":"/posts","statusCode":401,"durationMs":0.61}
{"ts":"2026-01-26T22:25:14.532Z","level":"error","service":"posts-service","message":"http_request","requestId":"93f211ea-a1be-49f6-9f19-e3dde68dac74","method":"POST","path":"/posts","statusCode":401,"durationMs":2.59}
{"ts":"2026-01-26T23:30:54.283Z","level":"info","service":"posts-service","message":"service_started","port":3002,"serviceName":"posts-service"}
{"ts":"2026-01-27T00:16:13.314Z","level":"info","service":"posts-service","message":"service_started","port":3002,"serviceName":"posts-service"}
{"ts":"2026-01-27T00:26:34.385Z","level":"info","service":"posts-service","message":"http_request","requestId":"681a7572-51d0-4357-b878-5f4c1bb69996","method":"POST","path":"/posts","statusCode":201,"durationMs":46.4}
{"ts":"2026-01-27T00:26:39.052Z","level":"info","service":"posts-service","message":"http_request","requestId":"1d3e9839-86a9-43f3-9ee5-63aca2beff29","method":"GET","path":"/posts","statusCode":200,"durationMs":7.28}
{"ts":"2026-01-27T00:26:54.358Z","level":"info","service":"posts-service","message":"http_request","requestId":"4a8a91f0-5cae-4967-91ff-048efd0169ac","method":"POST","path":"/posts","statusCode":201,"durationMs":6.62}
{"ts":"2026-01-27T00:26:58.283Z","level":"info","service":"posts-service","message":"http_request","requestId":"ed43e3a3-50ca-405c-90c7-6d351cbb829b","method":"GET","path":"/posts","statusCode":200,"durationMs":2.1}
{"ts":"2026-01-27T00:30:08.904Z","level":"info","service":"posts-service","message":"http_request","requestId":"5a1efcbd-1883-4bba-be36-24da7e7db222","method":"GET","path":"/posts/305f5ff5-b00a-460d-bfaa-abaf71182ae3","statusCode":200,"durationMs":4.15}
{"ts":"2026-01-27T00:31:14.183Z","level":"error","service":"posts-service","message":"http_request","requestId":"72d81841-7450-455b-b697-a03fa42ccac8","method":"PUT","path":"/posts/305f5ff5-b00a-460d-bfaa-abaf71182ae3","statusCode":404,"durationMs":1.54}
{"ts":"2026-01-27T00:31:34.314Z","level":"info","service":"posts-service","message":"http_request","requestId":"828e32c5-f9c8-46d1-83ac-76b1f98c4a7b","method":"DELETE","path":"/posts/305f5ff5-b00a-460d-bfaa-abaf71182ae3","statusCode":200,"durationMs":5.43}
{"ts":"2026-01-27T00:31:42.667Z","level":"info","service":"posts-service","message":"http_request","requestId":"5fa935d9-2156-4969-867e-d3a8c6e6d1a1","method":"GET","path":"/posts","statusCode":200,"durationMs":12.4}
{"ts":"2026-01-27T01:34:36.991Z","level":"error","service":"posts-service","message":"http_request","requestId":"b0d3a70c-1102-4b06-a7a9-c71aee6d6ebf","method":"GET","path":"/docs","statusCode":404,"durationMs":7.08}
{"ts":"2026-01-27T01:46:24.714Z","level":"info","service":"posts-service","message":"service_started","port":3002,"serviceName":"posts-service"}
{"ts":"2026-01-27T02:01:10.156Z","level":"info","service":"posts-service","message":"service_started","port":3002,"serviceName":"posts-service"}
{"ts":"2026-01-27T02:13:21.549Z","level":"info","service":"posts-service","message":"service_started","port":3002,"serviceName":"posts-service"}
{"ts":"2026-01-27T02:19:27.316Z","level":"info","service":"posts-service","message":"service_started","port":3002,"serviceName":"posts-service"}
{"ts":"2026-01-27T02:26:53.219Z","level":"info","service":"posts-service","message":"service_started","port":3002,"serviceName":"posts-service"}
{"ts":"2026-01-27T02:31:02.828Z","level":"info","service":"posts-service","message":"http_request","requestId":"f29d4aff-8ce8-4f1d-91cd-80ff82a0266f","method":"POST","path":"/posts","statusCode":201,"durationMs":33.88}
{"ts":"2026-01-27T02:31:06.541Z","level":"info","service":"posts-service","message":"http_request","requestId":"59241e85-be17-4256-8f0c-588b3193fc45","method":"GET","path":"/posts","statusCode":200,"durationMs":3.95}
{"ts":"2026-01-27T02:31:08.930Z","level":"info","service":"posts-service","message":"http_request","requestId":"39458518-5613-4c97-915d-2e6bb0cca0a7","method":"GET","path":"/posts/064b2b1c-bdcd-4fa9-a1cf-1c6d011f2591","statusCode":200,"durationMs":3.19}
{"ts":"2026-01-27T02:31:18.033Z","level":"info","service":"posts-service","message":"http_request","requestId":"136f781d-38cf-4fbe-958b-a17fd5e6c0fa","method":"POST","path":"/posts","statusCode":201,"durationMs":5.21}
{"ts":"2026-01-27T02:31:21.574Z","level":"info","service":"posts-service","message":"http_request","requestId":"f9e54aff-81bc-4f1d-ae6f-6ea6fbc17425","method":"GET","path":"/posts","statusCode":200,"durationMs":1.95}
{"ts":"2026-01-27T02:31:36.288Z","level":"info","service":"posts-service","message":"http_request","requestId":"a9a6873b-f9b5-497c-853f-7d8f2438d2f5","method":"GET","path":"/posts/5b9db9e2-e90b-4a8f-a5cb-838fbdebd699","statusCode":200,"durationMs":1.88}
{"ts":"2026-01-27T02:31:46.877Z","level":"info","service":"posts-service","message":"http_request","requestId":"db3a35db-71dc-497c-9001-9c7370f6b5c9","method":"GET","path":"/posts","statusCode":200,"durationMs":1.61}
{"ts":"2026-01-27T02:53:23.330Z","level":"info","service":"posts-service","message":"http_request","requestId":"3e54063a-6185-4d27-8d79-68ab1508da6f","method":"GET","path":"/posts","statusCode":200,"durationMs":8.68}
{"ts":"2026-01-27T02:53:23.332Z","level":"info","service":"posts-service","message":"http_request","requestId":"63eb2984-d3a4-4b22-ae8e-92c5f489a437","method":"GET","path":"/posts","statusCode":200,"durationMs":1.28}
{"ts":"2026-01-27T02:53:24.294Z","level":"info","service":"posts-service","message":"http_request","requestId":"93965bdd-4d13-4807-8962-7db655efcd00","method":"GET","path":"/posts","statusCode":200,"durationMs":1.99}
{"ts":"2026-01-27T02:53:24.298Z","level":"info","service":"posts-service","message":"http_request","requestId":"2750b229-8cd5-4bfd-b2dd-68333c616be0","method":"GET","path":"/posts","statusCode":200,"durationMs":2.17}
{"ts":"2026-01-27T02:53:25.057Z","level":"info","service":"posts-service","message":"http_request","requestId":"f30877aa-35c2-4541-871e-0487c4b55053","method":"GET","path":"/posts","statusCode":200,"durationMs":1.78}
{"ts":"2026-01-27T02:53:25.060Z","level":"info","service":"posts-service","message":"http_request","requestId":"3f256194-356d-46e8-ab5f-3f57c8aaf3cc","method":"GET","path":"/posts","statusCode":200,"durationMs":1.78}
{"ts":"2026-01-27T02:56:27.333Z","level":"info","service":"posts-service","message":"http_request","requestId":"d4d71f06-0957-4b0f-85a3-10a6870b2ceb","method":"GET","path":"/posts","statusCode":200,"durationMs":2.04}
{"ts":"2026-01-27T02:56:27.336Z","level":"info","service":"posts-service","message":"http_request","requestId":"4dc88e29-9002-4092-8557-9870e0e6da50","method":"GET","path":"/posts","statusCode":200,"durationMs":1.57}
{"ts":"2026-01-27T02:56:47.295Z","level":"info","service":"posts-service","message":"http_request","requestId":"eb0540ae-4170-41b4-9a89-a5d5b0fd0599","method":"GET","path":"/posts","statusCode":200,"durationMs":2.29}
{"ts":"2026-01-27T02:57:21.299Z","level":"info","service":"posts-service","message":"http_request","requestId":"a9cdf0f9-fa74-4da2-9f7c-ecc71d4fd880","method":"GET","path":"/posts","statusCode":200,"durationMs":1.57}
{"ts":"2026-01-27T02:57:32.002Z","level":"info","service":"posts-service","message":"http_request","requestId":"bf046396-be25-4567-b9f3-0f07e4f0d6e3","method":"GET","path":"/posts","statusCode":200,"durationMs":1.57}
{"ts":"2026-01-27T02:57:32.004Z","level":"info","service":"posts-service","message":"http_request","requestId":"ea60efc8-dc91-4c60-bf2e-90e6e637cd66","method":"GET","path":"/posts","statusCode":200,"durationMs":1.35}
{"ts":"2026-01-27T02:58:07.300Z","level":"info","service":"posts-service","message":"http_request","requestId":"7853b218-3e2f-45f5-b29f-d25e1389b71e","method":"GET","path":"/posts","statusCode":200,"durationMs":3.17}
{"ts":"2026-01-27T02:58:14.285Z","level":"info","service":"posts-service","message":"http_request","requestId":"b4f16199-8c0c-42ad-9841-fd23d2592aa8","method":"GET","path":"/posts","statusCode":200,"durationMs":1.17}
{"ts":"2026-01-27T02:58:25.299Z","level":"info","service":"posts-service","message":"http_request","requestId":"b84d48e0-d72f-4f78-8f34-fae3287ddb24","method":"GET","path":"/posts","statusCode":200,"durationMs":9.18}
{"ts":"2026-01-27T02:58:31.230Z","level":"info","service":"posts-service","message":"http_request","requestId":"037ca122-8fbe-46e3-9b33-861512406d43","method":"GET","path":"/posts","statusCode":200,"durationMs":2.35}
{"ts":"2026-01-27T02:58:37.714Z","level":"info","service":"posts-service","message":"http_request","requestId":"12bb6072-1562-4136-8474-a1a4f74a1f70","method":"GET","path":"/posts","statusCode":200,"durationMs":2.05}
{"ts":"2026-01-27T03:07:00.322Z","level":"info","service":"posts-service","message":"http_request","requestId":"ed1f45ca-322a-439b-92e1-b073dd54c77d","method":"GET","path":"/posts","statusCode":200,"durationMs":13.83}
{"ts":"2026-01-27T03:07:00.326Z","level":"info","service":"posts-service","message":"http_request","requestId":"e86c5ea3-4b9c-4ebe-a5ae-5af15cb19e87","method":"GET","path":"/posts","statusCode":200,"durationMs":1.78}
{"ts":"2026-01-27T03:07:27.945Z","level":"info","service":"posts-service","message":"http_request","requestId":"b10041df-070c-4acc-84c7-fbfa9407975e","method":"GET","path":"/posts","statusCode":200,"durationMs":1.74}
{"ts":"2026-01-27T03:07:27.948Z","level":"info","service":"posts-service","message":"http_request","requestId":"04a1766a-4385-48fc-8c07-baa5bb6a5324","method":"GET","path":"/posts","statusCode":200,"durationMs":1.2}
{"ts":"2026-01-27T03:07:31.933Z","level":"info","service":"posts-service","message":"http_request","requestId":"c84b6463-9a83-4cfd-9669-9d3b1b807208","method":"GET","path":"/posts","statusCode":200,"durationMs":1.6}
{"ts":"2026-01-27T03:07:31.936Z","level":"info","service":"posts-service","message":"http_request","requestId":"d369418f-ce45-43e7-84df-c91511359b8c","method":"GET","path":"/posts","statusCode":200,"durationMs":1.59}
{"ts":"2026-01-27T03:07:44.534Z","level":"info","service":"posts-service","message":"http_request","requestId":"599af2bd-fbd2-46ca-9e87-b353034961a3","method":"GET","path":"/posts","statusCode":200,"durationMs":2.48}
{"ts":"2026-01-27T03:07:44.536Z","level":"info","service":"posts-service","message":"http_request","requestId":"745746fb-3152-4430-a8c8-8b226c48bc66","method":"GET","path":"/posts","statusCode":200,"durationMs":1.33}
{"ts":"2026-01-27T03:07:48.249Z","level":"info","service":"posts-service","message":"http_request","requestId":"ea0bed11-26b2-4c9b-a2ea-5e56f4cdc317","method":"GET","path":"/posts","statusCode":200,"durationMs":1.85}
{"ts":"2026-01-27T03:07:48.251Z","level":"info","service":"posts-service","message":"http_request","requestId":"070bcc46-6b11-4278-902c-11574266f644","method":"GET","path":"/posts","statusCode":200,"durationMs":0.94}
{"ts":"2026-01-27T03:08:02.577Z","level":"info","service":"posts-service","message":"http_request","requestId":"2c125710-ae60-476d-86ec-f5fed38b3236","method":"GET","path":"/posts","statusCode":200,"durationMs":2.24}
{"ts":"2026-01-27T03:08:02.581Z","level":"info","service":"posts-service","message":"http_request","requestId":"c75c6486-211a-4e5d-a8bf-4bda7641c2a1","method":"GET","path":"/posts","statusCode":200,"durationMs":2.26}
{"ts":"2026-01-27T03:08:25.105Z","level":"info","service":"posts-service","message":"http_request","requestId":"98339413-1797-49e1-9552-e42e02c35d97","method":"GET","path":"/posts","statusCode":200,"durationMs":1.31}
{"ts":"2026-01-27T03:08:25.109Z","level":"info","service":"posts-service","message":"http_request","requestId":"5c7104cd-f48e-4ef3-9d29-606b2bbfe085","method":"GET","path":"/posts","statusCode":200,"durationMs":1.18}
{"ts":"2026-01-27T03:10:43.407Z","level":"info","service":"posts-service","message":"http_request","requestId":"a78fecec-b1ea-4ced-b41a-3106262b6361","method":"GET","path":"/posts","statusCode":200,"durationMs":2.47}
{"ts":"2026-01-27T03:10:43.410Z","level":"info","service":"posts-service","message":"http_request","requestId":"409444cf-e613-4b92-9914-8d947fa34611","method":"GET","path":"/posts","statusCode":200,"durationMs":2.12}
{"ts":"2026-01-27T03:10:50.383Z","level":"info","service":"posts-service","message":"http_request","requestId":"34810ed8-ec40-43ae-ac98-716b0aba17d5","method":"GET","path":"/posts","statusCode":200,"durationMs":1.49}
{"ts":"2026-01-27T03:10:50.387Z","level":"info","service":"posts-service","message":"http_request","requestId":"5632d0f5-7b50-4e6b-9f3e-dbee9d62a1c9","method":"GET","path":"/posts","statusCode":200,"durationMs":1.27}
{"ts":"2026-01-27T03:11:17.807Z","level":"info","service":"posts-service","message":"http_request","requestId":"3e22dece-13c8-48d1-b3c0-516f92970fc6","method":"GET","path":"/posts","statusCode":200,"durationMs":1.36}
{"ts":"2026-01-27T03:11:17.809Z","level":"info","service":"posts-service","message":"http_request","requestId":"b973b78e-ad50-4302-9863-a91536fe36d1","method":"GET","path":"/posts","statusCode":200,"durationMs":1.44}
{"ts":"2026-01-27T03:20:28.319Z","level":"info","service":"posts-service","message":"http_request","requestId":"f8fa018d-9128-44f0-a8cf-0952ec8a80bb","method":"GET","path":"/posts","statusCode":200,"durationMs":9.7}
{"ts":"2026-01-27T03:20:28.323Z","level":"info","service":"posts-service","message":"http_request","requestId":"22c52497-730c-4eba-ad77-03c7b4fbb814","method":"GET","path":"/posts","statusCode":200,"durationMs":3.15}
{"ts":"2026-01-27T03:20:30.603Z","level":"info","service":"posts-service","message":"http_request","requestId":"59ad072c-e956-48af-a71e-91a14c2f030b","method":"GET","path":"/posts","statusCode":200,"durationMs":1.64}
{"ts":"2026-01-27T03:20:30.607Z","level":"info","service":"posts-service","message":"http_request","requestId":"1083cea8-89dd-491b-aa54-743defad1720","method":"GET","path":"/posts","statusCode":200,"durationMs":2.8}
{"ts":"2026-01-27T03:20:37.262Z","level":"info","service":"posts-service","message":"http_request","requestId":"ae398601-337d-4b75-bf87-0dae2fb8aa49","method":"GET","path":"/posts","statusCode":200,"durationMs":1.87}
{"ts":"2026-01-27T03:20:37.264Z","level":"info","service":"posts-service","message":"http_request","requestId":"8c3aba00-e029-4a1d-94c5-e217702ad0a7","method":"GET","path":"/posts","statusCode":200,"durationMs":1.17}
{"ts":"2026-01-27T03:25:03.303Z","level":"info","service":"posts-service","message":"http_request","requestId":"a7cba83c-0a6a-4f44-9fb1-1bafc4739c20","method":"GET","path":"/posts","statusCode":200,"durationMs":2.19}
{"ts":"2026-01-27T03:25:09.500Z","level":"info","service":"posts-service","message":"http_request","requestId":"768bf4ee-433f-4a8c-a437-8a95eb0b7f79","method":"GET","path":"/posts","statusCode":200,"durationMs":1.48}
{"ts":"2026-01-27T03:25:09.503Z","level":"info","service":"posts-service","message":"http_request","requestId":"8730668b-4188-4d4e-b005-6a8a8bc74db8","method":"GET","path":"/posts","statusCode":200,"durationMs":1.93}
{"ts":"2026-01-27T03:25:31.995Z","level":"info","service":"posts-service","message":"http_request","requestId":"2e4c5c1c-7541-4758-9cb1-deb44cccb830","method":"POST","path":"/posts","statusCode":201,"durationMs":20.76}
{"ts":"2026-01-27T03:25:32.005Z","level":"info","service":"posts-service","message":"http_request","requestId":"24abfca2-39fa-446f-9ccd-9609f17ca94f","method":"GET","path":"/posts","statusCode":200,"durationMs":5.05}
{"ts":"2026-01-27T03:25:37.452Z","level":"info","service":"posts-service","message":"http_request","requestId":"acec4778-587a-4d97-b010-8a18f6c0d855","method":"GET","path":"/posts","statusCode":200,"durationMs":1.38}
{"ts":"2026-01-27T03:25:37.457Z","level":"info","service":"posts-service","message":"http_request","requestId":"c3a5efe3-dabd-4496-8c6f-da2b4d076ad0","method":"GET","path":"/posts","statusCode":200,"durationMs":1.85}
{"ts":"2026-01-27T03:25:41.624Z","level":"info","service":"posts-service","message":"http_request","requestId":"1c953475-df85-49de-8e2a-e57d9cf4b03d","method":"GET","path":"/posts","statusCode":200,"durationMs":2.13}
{"ts":"2026-01-27T03:25:41.629Z","level":"info","service":"posts-service","message":"http_request","requestId":"dc6d616f-2fc3-4a87-bb8a-e72514d86285","method":"GET","path":"/posts","statusCode":200,"durationMs":1.89}
{"ts":"2026-01-27T03:29:24.505Z","level":"info","service":"posts-service","message":"http_request","requestId":"e9b06c0c-bfaf-4504-a827-d2b07ee40853","method":"GET","path":"/posts","statusCode":200,"durationMs":2.13}
{"ts":"2026-01-27T03:29:24.510Z","level":"info","service":"posts-service","message":"http_request","requestId":"bc75ca70-6325-41a8-a834-3571cab24101","method":"GET","path":"/posts","statusCode":200,"durationMs":2.07}
{"ts":"2026-01-27T03:29:31.300Z","level":"info","service":"posts-service","message":"http_request","requestId":"7272d5a2-951b-43f3-9a42-4ab7e46e63f2","method":"GET","path":"/posts","statusCode":200,"durationMs":2.01}
{"ts":"2026-01-27T03:29:31.303Z","level":"info","service":"posts-service","message":"http_request","requestId":"68bfab9a-8bef-48ab-b9d0-91c69024bf20","method":"GET","path":"/posts","statusCode":200,"durationMs":1.71}
{"ts":"2026-01-27T03:29:39.361Z","level":"info","service":"posts-service","message":"http_request","requestId":"8fab00bc-6a24-4e5b-8d51-e3da0ab41c82","method":"POST","path":"/posts","statusCode":201,"durationMs":7.47}
{"ts":"2026-01-27T03:29:39.367Z","level":"info","service":"posts-service","message":"http_request","requestId":"5b339bcd-574f-4b4f-816b-49095a5c4fad","method":"GET","path":"/posts","statusCode":200,"durationMs":1.73}
{"ts":"2026-01-27T03:29:43.117Z","level":"info","service":"posts-service","message":"http_request","requestId":"33417cb3-c6b6-4e2d-9baf-cd0784a2ce3e","method":"GET","path":"/posts","statusCode":200,"durationMs":2.88}
{"ts":"2026-01-27T03:29:43.124Z","level":"info","service":"posts-service","message":"http_request","requestId":"7b91c4b4-fe23-4f62-986f-e10e44c6d5f6","method":"GET","path":"/posts","statusCode":200,"durationMs":2.22}
{"ts":"2026-01-27T03:38:49.594Z","level":"info","service":"posts-service","message":"service_started","port":3002,"serviceName":"posts-service"}
{"ts":"2026-01-27T03:44:13.274Z","level":"info","service":"posts-service","message":"service_started","port":3002,"serviceName":"posts-service"}
