{"ts":"2026-01-26T20:08:31.826Z","level":"info","service":"auth-service","message":"service_started","port":3001,"serviceName":"auth-service"}
{"ts":"2026-01-26T20:24:23.762Z","level":"info","service":"auth-service","message":"service_started","port":3001,"serviceName":"auth-service"}
{"ts":"2026-01-26T20:25:31.089Z","level":"info","service":"auth-service","message":"service_started","port":3001,"serviceName":"auth-service"}
{"ts":"2026-01-26T20:34:34.168Z","level":"info","service":"auth-service","message":"service_started","port":3001,"serviceName":"auth-service"}
{"ts":"2026-01-26T20:35:16.631Z","level":"info","service":"auth-service","message":"http_request","requestId":"fbf5da02-a3e3-44c9-b9da-ca6de3e20670","method":"POST","path":"/auth/register","statusCode":201,"durationMs":120.09}
{"ts":"2026-01-26T20:35:27.759Z","level":"info","service":"auth-service","message":"http_request","requestId":"04138a9c-0466-4339-8440-45bd2e994272","method":"POST","path":"/auth/login","statusCode":200,"durationMs":54.85}
{"ts":"2026-01-26T20:54:59.186Z","level":"info","service":"auth-service","message":"service_started","port":3001,"serviceName":"auth-service"}
{"ts":"2026-01-26T20:55:56.289Z","level":"info","service":"auth-service","message":"http_request","requestId":"672f8308-111d-4374-be19-2834a8f88a4b","method":"POST","path":"/auth/register","statusCode":201,"durationMs":75.19}
{"ts":"2026-01-26T20:57:02.875Z","level":"info","service":"auth-service","message":"http_request","requestId":"69c96177-fabb-4e1e-b30a-87d090a978fb","method":"POST","path":"/auth/login","statusCode":200,"durationMs":52.83}
{"ts":"2026-01-26T21:04:02.031Z","level":"info","service":"auth-service","message":"service_started","port":3001,"serviceName":"auth-service"}
{"ts":"2026-01-26T21:04:36.929Z","level":"info","service":"auth-service","message":"http_request","requestId":"7380a7dd-77ef-4cfc-9f5e-cf9b61dc50df","method":"POST","path":"/auth/login","statusCode":200,"durationMs":73.34}
{"ts":"2026-01-26T21:12:50.407Z","level":"info","service":"auth-service","message":"service_started","port":3001,"serviceName":"auth-service"}
{"ts":"2026-01-26T21:14:13.257Z","level":"info","service":"auth-service","message":"http_request","requestId":"4a5621a1-9495-4337-9c76-b24b41608806","method":"POST","path":"/auth/login","statusCode":200,"durationMs":76.09}
{"ts":"2026-01-26T21:17:00.459Z","level":"info","service":"auth-service","message":"service_started","port":3001,"serviceName":"auth-service"}
{"ts":"2026-01-26T21:20:59.151Z","level":"info","service":"auth-service","message":"service_started","port":3001,"serviceName":"auth-service"}
{"ts":"2026-01-26T21:23:56.164Z","level":"error","service":"auth-service","message":"http_request","requestId":"c852dd21-805e-4d24-af19-e80c0a0d6804","method":"POST","path":"/auth/login","statusCode":400,"durationMs":5.77}
{"ts":"2026-01-26T21:24:01.619Z","level":"error","service":"auth-service","message":"http_request","requestId":"7b4971e1-5958-4ec5-b927-96f76d96dff9","method":"POST","path":"/auth/login","statusCode":400,"durationMs":0.83}
{"ts":"2026-01-26T21:24:24.483Z","level":"error","service":"auth-service","message":"http_request","requestId":"bc31711f-b7c3-4e90-a346-d0b60350aee9","method":"POST","path":"/auth/login","statusCode":400,"durationMs":0.73}
{"ts":"2026-01-26T22:13:24.869Z","level":"info","service":"auth-service","message":"service_started","port":3001,"serviceName":"auth-service"}
{"ts":"2026-01-26T22:13:57.260Z","level":"info","service":"auth-service","message":"service_started","port":3001,"serviceName":"auth-service"}
{"ts":"2026-01-26T22:14:36.834Z","level":"info","service":"auth-service","message":"http_request","requestId":"0f8208c7-0c55-4e1f-b2a2-5ff731b4aeb0","method":"GET","path":"/health","statusCode":200,"durationMs":2.91}
{"ts":"2026-01-26T22:20:45.733Z","level":"info","service":"auth-service","message":"service_started","port":3001,"serviceName":"auth-service"}
{"ts":"2026-01-26T22:20:52.613Z","level":"error","service":"auth-service","message":"http_request","requestId":"2122f7e8-f457-40ff-a016-7cfb795e007b","method":"POST","path":"/auth/login","statusCode":401,"durationMs":16.99}
{"ts":"2026-01-26T22:22:48.170Z","level":"info","service":"auth-service","message":"http_request","requestId":"352c7e1e-72b5-4d9a-b60c-5d6de15da897","method":"POST","path":"/auth/register","statusCode":201,"durationMs":58.68}
{"ts":"2026-01-26T22:23:10.777Z","level":"error","service":"auth-service","message":"http_request","requestId":"c23e5dac-9b58-4fe2-ba23-241cb682e539","method":"POST","path":"/auth/register","statusCode":409,"durationMs":1.59}
{"ts":"2026-01-26T22:23:31.374Z","level":"info","service":"auth-service","message":"http_request","requestId":"feb19e78-cf84-4196-bace-4950a30e1e65","method":"POST","path":"/auth/register","statusCode":201,"durationMs":53.82}
{"ts":"2026-01-26T22:24:37.480Z","level":"info","service":"auth-service","message":"http_request","requestId":"bd43c2b5-2f19-496c-8573-6cc81001a602","method":"POST","path":"/auth/login","statusCode":200,"durationMs":53.78}
{"ts":"2026-01-26T23:33:04.571Z","level":"info","service":"auth-service","message":"service_started","port":3001,"serviceName":"auth-service"}
{"ts":"2026-01-26T23:35:56.583Z","level":"error","service":"auth-service","message":"http_request","requestId":"33dac48f-4b9d-43bd-8e99-f620eb8fbd69","method":"POST","path":"/auth/login","statusCode":500,"durationMs":74.77}
{"ts":"2026-01-26T23:43:52.761Z","level":"error","service":"auth-service","message":"http_request","requestId":"8bd63abf-e922-465b-96eb-47dfcb585bd3","method":"POST","path":"/auth/register","statusCode":500,"durationMs":56.35}
{"ts":"2026-01-27T00:16:13.587Z","level":"info","service":"auth-service","message":"service_started","port":3001,"serviceName":"auth-service"}
{"ts":"2026-01-27T00:20:25.022Z","level":"info","service":"auth-service","message":"http_request","requestId":"4aec9344-b318-4ee5-bb0f-4417f56cdf49","method":"POST","path":"/auth/register","statusCode":201,"durationMs":145.08}
{"ts":"2026-01-27T00:20:45.042Z","level":"error","service":"auth-service","message":"http_request","requestId":"0b4a7ba4-1bf3-4839-bc98-8037cab1b7e7","method":"POST","path":"/auth/login","statusCode":401,"durationMs":3.86}
{"ts":"2026-01-27T00:21:01.780Z","level":"info","service":"auth-service","message":"http_request","requestId":"6d9b02b8-a05c-4802-b57c-67bedba0e77c","method":"POST","path":"/auth/login","statusCode":200,"durationMs":56.91}
{"ts":"2026-01-27T00:21:12.371Z","level":"error","service":"auth-service","message":"http_request","requestId":"7706a167-eafa-4dc3-8338-00edc6384f4e","method":"POST","path":"/posts","statusCode":404,"durationMs":1.07}
{"ts":"2026-01-27T00:22:25.764Z","level":"error","service":"auth-service","message":"http_request","requestId":"b38cab0a-3eee-4c2d-af2c-e1fb1c654739","method":"GET","path":"/posts","statusCode":404,"durationMs":1.2}
{"ts":"2026-01-27T02:01:10.190Z","level":"info","service":"auth-service","message":"service_started","port":3001,"serviceName":"auth-service"}
{"ts":"2026-01-27T02:02:59.012Z","level":"error","service":"auth-service","message":"http_request","requestId":"e2b4acd0-0db4-49f5-aca3-a92ec9c35364","method":"POST","path":"//auth/register","statusCode":404,"durationMs":1.81}
{"ts":"2026-01-27T02:09:53.235Z","level":"error","service":"auth-service","message":"http_request","requestId":"8c687525-34b3-42a4-97f1-4d078b399855","method":"POST","path":"/auth/register","statusCode":500,"durationMs":54.49}
{"ts":"2026-01-27T02:13:21.544Z","level":"info","service":"auth-service","message":"service_started","port":3001,"serviceName":"auth-service"}
{"ts":"2026-01-27T02:13:25.148Z","level":"error","service":"auth-service","message":"http_request","requestId":"0cfb539e-81de-4972-97e0-52565cfc8ce7","method":"POST","path":"/auth/register","statusCode":500,"durationMs":30.55}
{"ts":"2026-01-27T02:19:27.314Z","level":"info","service":"auth-service","message":"service_started","port":3001,"serviceName":"auth-service"}
{"ts":"2026-01-27T02:26:53.215Z","level":"info","service":"auth-service","message":"service_started","port":3001,"serviceName":"auth-service"}
{"ts":"2026-01-27T02:28:53.182Z","level":"info","service":"auth-service","message":"http_request","requestId":"810edaef-3cf8-4002-a7d6-0aab222c1f15","method":"POST","path":"/auth/register","statusCode":201,"durationMs":94.65}
{"ts":"2026-01-27T02:28:56.776Z","level":"info","service":"auth-service","message":"http_request","requestId":"29f8e67e-9c2b-4ad0-a976-1345afac0385","method":"POST","path":"/auth/login","statusCode":200,"durationMs":47.88}
{"ts":"2026-01-27T02:28:59.945Z","level":"error","service":"auth-service","message":"http_request","requestId":"3c513003-446d-44df-8139-5a9e8d35d4fe","method":"POST","path":"/posts","statusCode":404,"durationMs":0.75}
{"ts":"2026-01-27T02:29:13.613Z","level":"error","service":"auth-service","message":"http_request","requestId":"ae76cb91-72d4-41fc-9f01-84a7009753a2","method":"GET","path":"/posts","statusCode":404,"durationMs":1.06}
{"ts":"2026-01-27T02:29:16.810Z","level":"error","service":"auth-service","message":"http_request","requestId":"0bac67ae-509a-4dbd-897b-223b30dcf795","method":"GET","path":"/posts/","statusCode":404,"durationMs":0.76}
{"ts":"2026-01-27T02:30:19.683Z","level":"error","service":"auth-service","message":"http_request","requestId":"22b8baef-22a7-4a49-bd71-9a57b9876594","method":"POST","path":"/auth/register","statusCode":400,"durationMs":1.05}
{"ts":"2026-01-27T02:30:46.843Z","level":"error","service":"auth-service","message":"http_request","requestId":"45c6f36a-8fa5-4780-991d-a2a357e4ec80","method":"POST","path":"/auth/register","statusCode":400,"durationMs":0.68}
{"ts":"2026-01-27T02:30:57.024Z","level":"info","service":"auth-service","message":"http_request","requestId":"ed6b7d6b-47cc-444a-8c6d-82f40b198559","method":"POST","path":"/auth/register","statusCode":201,"durationMs":56.58}
{"ts":"2026-01-27T02:30:59.937Z","level":"info","service":"auth-service","message":"http_request","requestId":"ca983fc0-eaa8-4e85-9164-29907874ed3a","method":"POST","path":"/auth/login","statusCode":200,"durationMs":49.4}
{"ts":"2026-01-27T02:48:07.970Z","level":"info","service":"auth-service","message":"http_request","requestId":"c402df8a-59e2-4cc4-a7d2-f742e99f9244","method":"POST","path":"/auth/register","statusCode":201,"durationMs":64.91}
{"ts":"2026-01-27T02:48:08.016Z","level":"error","service":"auth-service","message":"http_request","requestId":"b571c2a8-51ae-479e-9c89-d74d6eaada3a","method":"GET","path":"/posts","statusCode":404,"durationMs":0.68}
{"ts":"2026-01-27T02:48:08.023Z","level":"error","service":"auth-service","message":"http_request","requestId":"f5a37827-235a-4c98-acf0-bb17bca61cdd","method":"GET","path":"/posts","statusCode":404,"durationMs":0.9}
{"ts":"2026-01-27T02:49:46.936Z","level":"error","service":"auth-service","message":"http_request","requestId":"d6c3cc04-f9a6-42d5-abf2-4ea47403ece9","method":"GET","path":"/posts","statusCode":404,"durationMs":0.5}
{"ts":"2026-01-27T02:49:46.940Z","level":"error","service":"auth-service","message":"http_request","requestId":"7b413235-c276-4078-aca4-7f6bc2aeee4d","method":"GET","path":"/posts","statusCode":404,"durationMs":0.55}
{"ts":"2026-01-27T02:49:49.466Z","level":"error","service":"auth-service","message":"http_request","requestId":"4d957d33-61b7-4640-969a-14a98b2f8d65","method":"GET","path":"/posts","statusCode":404,"durationMs":0.48}
{"ts":"2026-01-27T02:49:49.467Z","level":"error","service":"auth-service","message":"http_request","requestId":"d5e308ef-b2f9-4f8c-b17c-4d365ec33688","method":"GET","path":"/posts","statusCode":404,"durationMs":0.42}
{"ts":"2026-01-27T02:50:41.341Z","level":"info","service":"auth-service","message":"http_request","requestId":"36cd9eb6-7604-4113-b4c5-666e6ba3f86a","method":"POST","path":"/auth/register","statusCode":201,"durationMs":53.96}
{"ts":"2026-01-27T02:50:41.357Z","level":"error","service":"auth-service","message":"http_request","requestId":"cbd2d161-93eb-46fc-bb0c-bafc87421e27","method":"GET","path":"/posts","statusCode":404,"durationMs":0.74}
{"ts":"2026-01-27T02:50:41.363Z","level":"error","service":"auth-service","message":"http_request","requestId":"cac9cb5f-8c94-4477-8dce-c45fd6165e67","method":"GET","path":"/posts","statusCode":404,"durationMs":0.59}
{"ts":"2026-01-27T02:50:43.401Z","level":"error","service":"auth-service","message":"http_request","requestId":"c919baed-228c-48af-8a83-988c9fba761c","method":"GET","path":"/posts","statusCode":404,"durationMs":0.45}
{"ts":"2026-01-27T02:50:43.402Z","level":"error","service":"auth-service","message":"http_request","requestId":"175a7c99-e326-4b80-a9bd-0d18890c55ec","method":"GET","path":"/posts","statusCode":404,"durationMs":0.36}
{"ts":"2026-01-27T02:51:01.509Z","level":"error","service":"auth-service","message":"http_request","requestId":"0c0980eb-58c6-4a9f-ac8b-3b2817e6eede","method":"GET","path":"/posts","statusCode":404,"durationMs":0.75}
{"ts":"2026-01-27T02:51:01.512Z","level":"error","service":"auth-service","message":"http_request","requestId":"ebe82996-e536-4ae8-85fe-9f65d063c2c6","method":"GET","path":"/posts","statusCode":404,"durationMs":0.47}
{"ts":"2026-01-27T03:10:43.369Z","level":"info","service":"auth-service","message":"http_request","requestId":"2b8c4d45-8804-44b7-86df-08c67c74de68","method":"POST","path":"/auth/login","statusCode":200,"durationMs":60.22}
{"ts":"2026-01-27T03:11:10.041Z","level":"error","service":"auth-service","message":"http_request","requestId":"611597d4-992c-4bc5-9fcb-16ec4d1eeee7","method":"POST","path":"/auth/login","statusCode":401,"durationMs":1.92}
{"ts":"2026-01-27T03:11:17.775Z","level":"info","service":"auth-service","message":"http_request","requestId":"564b626a-25ac-43ce-b512-3a48bf1a5f30","method":"POST","path":"/auth/login","statusCode":200,"durationMs":46.92}
{"ts":"2026-01-27T03:20:37.231Z","level":"info","service":"auth-service","message":"http_request","requestId":"63830e11-e13f-4f66-ad0d-9085f3a8a926","method":"POST","path":"/auth/login","statusCode":200,"durationMs":54.96}
{"ts":"2026-01-27T03:25:41.578Z","level":"info","service":"auth-service","message":"http_request","requestId":"ce81a627-7b8d-424f-8b8a-e3b61ffec538","method":"POST","path":"/auth/login","statusCode":200,"durationMs":63.93}
{"ts":"2026-01-27T03:29:31.257Z","level":"info","service":"auth-service","message":"http_request","requestId":"a4a6e1f0-2f25-49a1-8517-6b1808dcca13","method":"POST","path":"/auth/login","statusCode":200,"durationMs":53.58}
{"ts":"2026-01-27T03:38:48.815Z","level":"info","service":"auth-service","message":"service_started","port":3001,"serviceName":"auth-service"}
{"ts":"2026-01-27T03:44:13.015Z","level":"info","service":"auth-service","message":"service_started","port":3001,"serviceName":"auth-service"}
